--- Testing Email Service ---
Generated OTP: 411413
Sending verification email...
≡ƒôº OTP Email sent to test@example.com: <e4c71e62-14ff-bd8e-4820-1ed5154ced88@gmail.com>
Sending reset email...
≡ƒôº OTP Email sent to test@example.com: <8854c319-1039-2ff7-ee29-3d5fc83b4808@gmail.com>
--- Test Complete ---
