≡ƒôº Email config loaded:
   HOST     = smtp.gmail.com
   PORT     = 465
   SECURE   = true
   USER     = lovechourasia2021@gmail.com
   PASSWORD = ΓÇóΓÇóΓÇóΓÇóΓÇóΓÇóΓÇóΓÇó
--- Testing Email Service ---
Generated OTP: 722492
Sending verification email...
≡ƒôñ Sending verification OTP email to test@example.com ΓÇª
Γ£à Nodemailer transporter created (pooled, generous timeouts)
Γ£à OTP email sent successfully to test@example.com
   messageId : <eafcd082-52a1-e198-3347-83c496eb9c8a@gmail.com>
   response  : 250 2.0.0 OK  1771407564 d9443c01a7336-2ad1a9d58dcsm122405805ad.48 - gsmtp
Sending reset email...
≡ƒôñ Sending reset OTP email to test@example.com ΓÇª
Γ£à OTP email sent successfully to test@example.com
   messageId : <5dcd1a4c-f2d3-95c2-5c50-34168e6675cb@gmail.com>
   response  : 250 2.0.0 OK  1771407566 d9443c01a7336-2ad1a9d58dcsm122405805ad.48 - gsmtp
--- Test Complete ---
